{"follow":{"action":"remove","value":false},"host":{"action":"same","value":"hexlet.io"},"proxy":{"action":"remove","value":"123.234.53.22"},"timeout":{"action":"replace","old_value":50,"new_value":20},"verbose":{"action":"add","value":true}}